
> advanced-learning-plateform@0.0.0 build
> vite build

[36mvite v8.0.2 [32mbuilding client environment for production...[36m[39m
[2K
transforming...Γ£ô 27 modules transformed.
rendering chunks...
computing gzip size...
dist/index.html                   0.46 kB Γöé gzip:  0.30 kB
dist/assets/index-C3uX1Wc8.css    9.08 kB Γöé gzip:  2.54 kB
dist/assets/index-DNmcPsjA.js   200.18 kB Γöé gzip: 62.38 kB

node.exe : 
[31mΓ£ù[39m Build 
failed in 202ms
At line:1 char:1
+ & "C:\Program 
Files\nodejs/node.exe" 
"C:\Program 
Files\nodejs/node_mo 
...
+ ~~~~~~~~~~~~~~~~~~~~~
~~~~~~~~~~~~~~~~~~~~~~~
~~~~~~~~~~~~~~~~~~~~~~~
~~
    + CategoryInfo     
         : NotSpecifi  
  ed: ([31mΓ£ù[39m   
  Build failed in 2    
02ms:String) [], R    
emoteException
    + FullyQualifiedEr 
   rorId : NativeComm  
  andError
 
[31merror during 
build:
[31mBuild failed with 
1 error:

Error: [vite]: 
Rolldown failed to 
resolve import 
"react-router-dom" 
from "E:/Antigravity/Ad
vance_learning_platform
/src/App.jsx".
This is most likely 
unintended because it 
can break your 
application at runtime.
If you do want to 
externalize this 
module explicitly add 
it to
`build.rollupOptions.ex
ternal`
    at viteLog (file://
/E:/Antigravity/Advance
_learning_platform/node
_modules/vite/dist/node
/chunks/node.js:32922:5
7)
    at file:///E:/Antig
ravity/Advance_learning
_platform/node_modules/
vite/dist/node/chunks/n
ode.js:32958:71
    at onwarn (file:///
E:/Antigravity/Advance_
learning_platform/node_
modules/@vitejs/plugin-
react/dist/index.js:40:
7)
    at file:///E:/Antig
ravity/Advance_learning
_platform/node_modules/
vite/dist/node/chunks/n
ode.js:32958:28
    at onRollupLog (fil
e:///E:/Antigravity/Adv
ance_learning_platform/
node_modules/vite/dist/
node/chunks/node.js:329
53:63)
    at onLog (file:///E
:/Antigravity/Advance_l
earning_platform/node_m
odules/vite/dist/node/c
hunks/node.js:32723:4)
    at file:///E:/Antig
ravity/Advance_learning
_platform/node_modules/
rolldown/dist/shared/ro
lldown-build-CL9PyQ2E.m
js:49:26
    at logger (file:///
E:/Antigravity/Advance_
learning_platform/node_
modules/rolldown/dist/s
hared/rolldown-build-CL
9PyQ2E.mjs:40:3)
    at onLog (file:///E
:/Antigravity/Advance_l
earning_platform/node_m
odules/rolldown/dist/sh
ared/bindingify-input-o
ptions-DVAZE22h.mjs:197
2:32)[31m
    at aggregateBinding
ErrorsIntoJsError (file
:///E:/Antigravity/Adva
nce_learning_platform/n
ode_modules/rolldown/di
st/shared/error-D8cGyrC
7.mjs:48:18)
    at 
unwrapBindingResult (fi
le:///E:/Antigravity/Ad
vance_learning_platform
/node_modules/rolldown/
dist/shared/error-D8cGy
rC7.mjs:18:128)
    at #build (file:///
E:/Antigravity/Advance_
learning_platform/node_
modules/rolldown/dist/s
hared/rolldown-build-CL
9PyQ2E.mjs:3313:34)
    at async 
buildEnvironment (file:
///E:/Antigravity/Advan
ce_learning_platform/no
de_modules/vite/dist/no
de/chunks/node.js:32829
:64)
    at async 
Object.build (file:///E
:/Antigravity/Advance_l
earning_platform/node_m
odules/vite/dist/node/c
hunks/node.js:33251:19)
    at async 
Object.buildApp (file:/
//E:/Antigravity/Advanc
e_learning_platform/nod
e_modules/vite/dist/nod
e/chunks/node.js:33248:
153)
    at async 
CAC.<anonymous> (file:/
//E:/Antigravity/Advanc
e_learning_platform/nod
e_modules/vite/dist/nod
e/cli.js:778:3) {
  errors: 
[Getter/Setter]
}[39m
